// Jest Snapshot v1, https://goo.gl/fbAQLP

exports[`should render negative amounts with a '-' sign 1`] = `
<span
  className="value"
>
  -10
</span>
`;

exports[`should render positive amounts with a '+' sign 1`] = `
<span
  className="value"
>
  +10
</span>
`;

exports[`should render zero on without a sign 1`] = `
<span
  className="value"
>
  0
</span>
`;
