// Jest Snapshot v1, https://goo.gl/fbAQLP

exports[`renders correctly 1`] = `
<div>
  <div
    className="add-operation"
  >
    <input
      className="input-amount"
      data-e2e="account-new-operation-input-amount"
      onChange={[Function]}
      onFocus={[Function]}
      type="number"
      value=""
    />
    <button
      className="add-amount mdl-button mdl-js-button mdl-button--raised mdl-js-ripple-effect mdl-button--accent"
      data-e2e="account-new-operation-add-amount"
      onClick={[Function]}
    >
      Add
    </button>
  </div>
  <div>
    <div
      className="operation"
      data-e2e="account-operation"
    >
      <div
        className="labeled-debit-or-credit"
      >
        <div
          className="label-container"
        >
          <span
            className="date"
          >
            2019-5-24
          </span>
        </div>
        <div
          className="amount-container"
        >
          <div
            className="debit-or-credit"
          >
            <span
              className="credit"
            >
              <span
                className="value"
              >
                +10
              </span>
            </span>
            <span
              className="debit"
            />
          </div>
        </div>
      </div>
      <div
        className="actions-container"
      >
        <div
          className="actions-content"
        >
          <div
            className="actions"
          >
            <button
              className="delete mdl-button mdl-js-button mdl-button--icon"
              data-e2e="account-operation-delete"
              onClick={[Function]}
            >
              <i
                className="material-icons"
              >
                delete
              </i>
            </button>
          </div>
        </div>
      </div>
    </div>
    <div
      className="operation"
      data-e2e="account-operation"
    >
      <div
        className="labeled-debit-or-credit"
      >
        <div
          className="label-container"
        >
          <span
            className="date"
          >
            2019-5-25
          </span>
        </div>
        <div
          className="amount-container"
        >
          <div
            className="debit-or-credit"
          >
            <span
              className="credit"
            />
            <span
              className="debit"
            >
              <span
                className="value"
              >
                -5
              </span>
            </span>
          </div>
        </div>
      </div>
      <div
        className="actions-container"
      >
        <div
          className="actions-content"
        >
          <div
            className="actions"
          >
            <button
              className="delete mdl-button mdl-js-button mdl-button--icon"
              data-e2e="account-operation-delete"
              onClick={[Function]}
            >
              <i
                className="material-icons"
              >
                delete
              </i>
            </button>
          </div>
        </div>
      </div>
    </div>
  </div>
  <div
    className="balance"
    data-e2e="account-balance"
  >
    <div
      className="labeled-debit-or-credit"
    >
      <div
        className="label-container"
      >
        <span>
          Balance
        </span>
      </div>
      <div
        className="amount-container"
      >
        <div
          className="debit-or-credit"
        >
          <span
            className="credit"
          >
            <span
              className="value"
            >
              +5
            </span>
          </span>
          <span
            className="debit"
          />
        </div>
      </div>
    </div>
  </div>
</div>
`;
